../Core/Src/main.c:308:6:HAL_TIM_IC_CaptureCallback	16	static
../Core/Src/main.c:345:6:HCSR04_Read	8	static
../Core/Src/main.c:354:6:delay_us	16	static
../Core/Src/main.c:360:7:get_time_difference	16	static
../Core/Src/main.c:383:6:PID_Init	32	static
../Core/Src/main.c:401:10:PID_Compute	48	static
../Core/Src/main.c:441:6:UART_Transmit	16	static
../Core/Src/main.c:445:6:SetDir	16	static
../Core/Src/main.c:468:6:SetSpeed	16	static
../Core/Src/main.c:475:6:EncoderReset	16	static
../Core/Src/main.c:522:6:HeadingReset	8	static
../Core/Src/main.c:528:6:SetFacing	16	static
../Core/Src/main.c:551:8:compute_polynomial	64	static
../Core/Src/main.c:569:5:main	224	static
../Core/Src/main.c:731:6:SystemClock_Config	88	static
../Core/Src/main.c:773:13:MX_ADC1_Init	24	static
../Core/Src/main.c:825:13:MX_ADC2_Init	24	static
../Core/Src/main.c:877:13:MX_I2C1_Init	8	static
../Core/Src/main.c:911:13:MX_TIM1_Init	96	static
../Core/Src/main.c:985:13:MX_TIM2_Init	56	static
../Core/Src/main.c:1034:13:MX_TIM3_Init	56	static
../Core/Src/main.c:1083:13:MX_TIM4_Init	48	static
../Core/Src/main.c:1141:13:MX_TIM6_Init	16	static
../Core/Src/main.c:1179:13:MX_TIM8_Init	96	static
../Core/Src/main.c:1257:13:MX_USART3_UART_Init	8	static
../Core/Src/main.c:1290:13:MX_DMA_Init	16	static
../Core/Src/main.c:1311:13:MX_GPIO_Init	48	static
../Core/Src/main.c:1369:6:HAL_UART_RxCpltCallback	16	static
../Core/Src/main.c:1380:6:vApplicationStackOverflowHook	120	static
../Core/Src/main.c:1387:6:vApplicationMallocFailedHook	112	static
../Core/Src/main.c:1410:6:RampMotors	16	static
../Core/Src/main.c:1449:6:InitializeRampState	32	static
../Core/Src/main.c:1470:13:GoToB1	16	static
../Core/Src/main.c:1511:13:B1Left	16	static
../Core/Src/main.c:1579:13:B1Right	16	static
../Core/Src/main.c:1660:13:B2Right	24	static
../Core/Src/main.c:1899:13:B2Left	32	static
../Core/Src/main.c:2115:13:Task_Two	16	static
../Core/Src/main.c:2150:12:Move_Straight	24	static
../Core/Src/main.c:2190:13:Move_Turn	24	static
../Core/Src/main.c:2265:7:UpdateState	24	static
../Core/Src/main.c:2326:6:StartDefaultTask	24	static
../Core/Src/main.c:2349:6:StartTask02	40	static
../Core/Src/main.c:2371:6:EncoderTask	64	static
../Core/Src/main.c:2419:6:StartStraight	72	static
../Core/Src/main.c:2487:6:MotorTask	40	static
../Core/Src/main.c:2663:6:ICMUpdate	120	static
../Core/Src/main.c:2709:6:IRTask	432	static
../Core/Src/main.c:2793:6:UltrasonicTask	16	static
../Core/Src/main.c:2810:6:Error_Handler	4	static,ignoring_inline_asm
