../Core/Src/main.c:151:6:PID_Init	32	static
../Core/Src/main.c:169:10:PID_Compute	48	static
../Core/Src/main.c:209:6:UART_Transmit	16	static
../Core/Src/main.c:213:6:SetDir	16	static
../Core/Src/main.c:236:6:SetSpeed	16	static
../Core/Src/main.c:243:6:EncoderReset	16	static
../Core/Src/main.c:290:6:SetFacing	16	static
../Core/Src/main.c:312:5:main	160	static
../Core/Src/main.c:443:6:SystemClock_Config	88	static
../Core/Src/main.c:485:13:MX_TIM1_Init	96	static
../Core/Src/main.c:559:13:MX_TIM2_Init	56	static
../Core/Src/main.c:608:13:MX_TIM3_Init	56	static
../Core/Src/main.c:657:13:MX_TIM8_Init	96	static
../Core/Src/main.c:735:13:MX_USART3_UART_Init	8	static
../Core/Src/main.c:770:13:MX_GPIO_Init	48	static
../Core/Src/main.c:811:6:HAL_UART_RxCpltCallback	16	static
../Core/Src/main.c:831:7:UpdateState	16	static
../Core/Src/main.c:886:6:StartDefaultTask	24	static
../Core/Src/main.c:908:6:StartTask02	40	static
../Core/Src/main.c:930:6:EncoderTask	56	static
../Core/Src/main.c:978:6:StartStraight	72	static
../Core/Src/main.c:1043:6:MotorTask	32	static
../Core/Src/main.c:1184:6:Error_Handler	4	static,ignoring_inline_asm
