../Core/Src/main.c:150:6:PID_Init	32	static
../Core/Src/main.c:168:10:PID_Compute	48	static
../Core/Src/main.c:208:6:UART_Transmit	16	static
../Core/Src/main.c:212:6:SetDir	16	static
../Core/Src/main.c:235:6:SetSpeed	16	static
../Core/Src/main.c:242:6:EncoderReset	16	static
../Core/Src/main.c:289:6:SetFacing	16	static
../Core/Src/main.c:311:5:main	160	static
../Core/Src/main.c:436:6:SystemClock_Config	88	static
../Core/Src/main.c:478:13:MX_TIM1_Init	96	static
../Core/Src/main.c:552:13:MX_TIM2_Init	56	static
../Core/Src/main.c:601:13:MX_TIM3_Init	56	static
../Core/Src/main.c:650:13:MX_TIM8_Init	96	static
../Core/Src/main.c:728:13:MX_USART3_UART_Init	8	static
../Core/Src/main.c:761:13:MX_GPIO_Init	48	static
../Core/Src/main.c:802:6:HAL_UART_RxCpltCallback	16	static
../Core/Src/main.c:819:6:StartDefaultTask	24	static
../Core/Src/main.c:841:6:StartTask02	48	static
../Core/Src/main.c:863:6:EncoderTask	56	static
../Core/Src/main.c:911:6:StartStraight	72	static
../Core/Src/main.c:985:7:UpdateState	16	static
../Core/Src/main.c:1030:6:MotorTask	32	static
../Core/Src/main.c:1160:6:Error_Handler	4	static,ignoring_inline_asm
